// Jest Snapshot v1, https://goo.gl/fbAQLP

exports[`<Root /> matches its snapshot 1`] = `
<div
  className="root"
>
  <Header>
    <NavLink
      href="/"
    >
      Home
    </NavLink>
    <NavLink
      href="/features"
    >
      Libraries/Tools
    </NavLink>
  </Header>
  <div
    className="content"
  >
    <Route
      component={[Function]}
      exact={true}
      path="/"
    />
    <Route
      component={
        Object {
          "$$typeof": Symbol(react.memo),
          "WrappedComponent": [Function],
          "compare": null,
          "type": [Function],
        }
      }
      path="/features"
    />
  </div>
</div>
`;
